[TestFile]
Filename=Jazz_Audio_OPLs0.pya
Bugzilla=NB#225208
Comment=DRM protected audio file
# Downloaded from  http://playready.directtaps.net/pr/public/

[Metadata]
a=nmm:MusicPiece
!a=nmm:Video
!a=nfo:Image
!a=nmm:Photo

[Meego]
