[TestFile]
Filename=video-1.mp4
Comment=Just one standard mp4
[Metadata]
a=nmm:Video
nie_title=MPEG-4-x264.mp4
nfo_codec=MPEG-4 AAC audio

[Meego]
nfo_height=240
nfo_width=320
