[TestFile]
Filename=powerpoint.ppt
Comment=Powerpoint document (unknown version!)

[Metadata]
a=nfo:PaginatedTextDocument
nie_generator=Microsoft PowerPoint
nfo_wordCount=573
nie_title=ARTificial Life
