"Accommodation"
"Accommodation"
"Business"
"Business"
"Communication"
"Communication"
"Draft"
"Educational institute"
"Educational institute"
"Entertainment"
"Entertainment"
"Food & Beverage"
"Food & Beverage"
"Geographical area"
"Geographical area"
"Inbox"
"MyFolder"
"Outbox"
"Outdoor activities"
"Outdoor activities"
"People"
"People"
"Public service"
"Public service"
"Religious places"
"Religious places"
"Sent"
"Shopping"
"Shopping"
"Sightseeing"
"Sightseeing"
"Sports"
"Sports"
"stringly data for nie:title"
"Transport"
"Transport"
