"0x1002"
"0x1003"
"0x1004"
"0x1005"
"0x1008"
"12000"
"15000"
"18000"
"21000"
"24000"
"27000"
"3000"
"30000"
"33000"
"36000"
"39000"
"42000"
"45000"
"6000"
"9000"
"stringly data for nie:identifier"
