[TestFile]
Filename=test-image-1.jpg
Bugzilla=
Comment=Basic jpeg example

[Metadata]
a=nmm:Photo
nfo_width=699
nfo_height=464
nao_hasTag=test
nao_hasTag=tracker
nie_title=Kid
nmm_fnumber=5
nmm_focalLength=5
nie_comment=This is a for tracker test
slo_location_postalAddress=@URNUUID@
nfo_horizontalResolution=20
nfo_verticalResolution=20

[Meego]
